Aluno: Joao, Idade: 20
Aluno: Maria, Idade: 22
Aluno: Copia de Joao, Idade: 20
