O valor de A e 10 e B e 20
Depois da troca...
O valor de A e 20 e B e 10
