Digite um numero:
Digite outro numero:
A soma de 1 e 5 e: 6
