5
4
3
2
1
9.00
8
Total x2 = 300
Imprimindo lista de alunos:
Aluno1: 10
Aluno2: 20
Aluno3: 30
Aluno4: 40
Aluno5: 50
Digite 0 para sair:
