Iteracao FOR numero: 1
Iteracao FOR numero: 2
Iteracao FOR numero: 3
Digite S para sair.
